\BOOKMARK [1][-]{section.1}{\376\377\000I\000n\000t\000r\000o\000d\000u\000c\000t\000i\000o\000n}{}% 1
\BOOKMARK [1][-]{section.2}{\376\377\000A\000\040\000S\000u\000r\000v\000e\000y\000\040\000o\000f\000\040\000C\000a\000c\000h\000e\000-\000L\000e\000v\000e\000l\000\040\000C\000o\000m\000m\000u\000n\000i\000c\000a\000t\000i\000o\000n\000\040\000B\000e\000t\000w\000e\000e\000n\000\040\000M\000o\000d\000e\000l\000s}{}% 2
\BOOKMARK [2][-]{subsection.2.1}{\376\377\000W\000h\000a\000t\000\040\000t\000h\000e\000\040\000S\000u\000r\000v\000e\000y\000\040\000D\000o\000e\000s\000\040\000N\000o\000t\000\040\000E\000s\000t\000a\000b\000l\000i\000s\000h}{section.2}% 3
\BOOKMARK [1][-]{section.3}{\376\377\000T\000h\000e\000\040\000T\000h\000r\000e\000e\000-\000H\000y\000p\000o\000t\000h\000e\000s\000i\000s\000\040\000A\000u\000d\000i\000t\000\040\000F\000r\000a\000m\000e\000w\000o\000r\000k}{}% 4
\BOOKMARK [2][-]{subsection.3.1}{\376\377\000S\000e\000t\000u\000p}{section.3}% 5
\BOOKMARK [2][-]{subsection.3.2}{\376\377\000H\000y\000p\000o\000t\000h\000e\000s\000e\000s\000,\000\040\000I\000n\000s\000t\000r\000u\000m\000e\000n\000t\000s\000,\000\040\000G\000a\000t\000e\000s}{section.3}% 6
\BOOKMARK [2][-]{subsection.3.3}{\376\377\000E\000v\000i\000d\000e\000n\000c\000e\000\040\000T\000i\000e\000r\000s\000\040\000a\000n\000d\000\040\000M\000u\000l\000t\000i\000p\000l\000i\000c\000i\000t\000y}{section.3}% 7
\BOOKMARK [1][-]{section.4}{\376\377\000R\000e\000s\000u\000l\000t\000s}{}% 8
\BOOKMARK [2][-]{subsection.4.1}{\376\377\000H\0001\000\040\000P\000a\000s\000s\000e\000s\000:\000\040\000M\000e\000c\000h\000a\000n\000i\000c\000s\000\040\000I\000s\000\040\000N\000o\000t\000\040\000t\000h\000e\000\040\000F\000a\000i\000l\000u\000r\000e\000\040\000M\000o\000d\000e}{section.4}% 9
\BOOKMARK [2][-]{subsection.4.2}{\376\377\000H\0002\000\040\000F\000a\000i\000l\000s\000\040\000f\000o\000r\000\040\000t\000h\000e\000\040\000S\000t\000r\000o\000n\000g\000\040\000S\000t\000u\000d\000e\000n\000t\000;\000\040\000t\000h\000e\000\040\000W\000e\000a\000k\000-\000S\000t\000u\000d\000e\000n\000t\000\040\000R\000e\000s\000u\000l\000t\000\040\000I\000s\000\040\000I\000n\000c\000o\000n\000c\000l\000u\000s\000i\000v\000e}{section.4}% 10
\BOOKMARK [2][-]{subsection.4.3}{\376\377\000H\0003\000:\000\040\000N\000o\000\040\000T\000e\000a\000c\000h\000e\000r\000-\000C\000o\000n\000t\000e\000n\000t\000\040\000P\000r\000o\000b\000e\000\040\000I\000m\000p\000r\000o\000v\000e\000s\000\040\000o\000n\000\040\000t\000h\000e\000\040\000S\000t\000u\000d\000e\000n\000t}{section.4}% 11
\BOOKMARK [2][-]{subsection.4.4}{\376\377\000P\000e\000r\000p\000l\000e\000x\000i\000t\000y\000\040\000a\000n\000d\000\040\000A\000c\000c\000u\000r\000a\000c\000y\000\040\000D\000e\000c\000o\000u\000p\000l\000e}{section.4}% 12
\BOOKMARK [1][-]{section.5}{\376\377\000W\000h\000y\000\040\000T\000r\000a\000n\000s\000l\000a\000t\000i\000o\000n\000\040\000F\000a\000i\000l\000s\000:\000\040\000A\000n\000\040\000A\000r\000c\000h\000i\000t\000e\000c\000t\000u\000r\000a\000l\000\040\000A\000n\000a\000l\000y\000s\000i\000s}{}% 13
\BOOKMARK [1][-]{section.6}{\376\377\000I\000m\000p\000l\000i\000c\000a\000t\000i\000o\000n\000s\000\040\000f\000o\000r\000\040\000C\000a\000c\000h\000e\000-\000T\000r\000a\000n\000s\000l\000a\000t\000i\000o\000n\000\040\000R\000e\000s\000e\000a\000r\000c\000h}{}% 14
\BOOKMARK [1][-]{section.7}{\376\377\000L\000i\000m\000i\000t\000a\000t\000i\000o\000n\000s}{}% 15
\BOOKMARK [1][-]{section.8}{\376\377\000C\000o\000n\000c\000l\000u\000s\000i\000o\000n}{}% 16
\BOOKMARK [1][-]{appendix.A}{\376\377\000R\000e\000p\000r\000o\000d\000u\000c\000i\000b\000i\000l\000i\000t\000y}{}% 17
\BOOKMARK [1][-]{appendix.B}{\376\377\000A\000d\000d\000i\000t\000i\000o\000n\000a\000l\000\040\000M\000e\000a\000s\000u\000r\000e\000m\000e\000n\000t\000s}{}% 18
\BOOKMARK [1][-]{appendix.C}{\376\377\000A\000p\000p\000e\000n\000d\000-\000o\000n\000-\000T\000r\000a\000n\000s\000l\000a\000t\000e\000d\000-\000C\000a\000c\000h\000e\000\040\000R\000e\000p\000l\000a\000y\000\040\000D\000i\000a\000g\000n\000o\000s\000t\000i\000c}{}% 19
\BOOKMARK [1][-]{appendix.D}{\376\377\000R\000e\000l\000a\000t\000e\000d\000\040\000W\000o\000r\000k\000\040\000i\000n\000\040\000D\000e\000t\000a\000i\000l}{}% 20
\BOOKMARK [2][-]{subsection.D.1}{\376\377\000K\000V\000\040\000R\000e\000u\000s\000e\000\040\000W\000i\000t\000h\000i\000n\000\040\000a\000\040\000S\000i\000n\000g\000l\000e\000\040\000M\000o\000d\000e\000l}{appendix.D}% 21
\BOOKMARK [2][-]{subsection.D.2}{\376\377\000C\000r\000o\000s\000s\000-\000M\000o\000d\000e\000l\000\040\000C\000a\000c\000h\000e\000\040\000T\000r\000a\000n\000s\000l\000a\000t\000i\000o\000n}{appendix.D}% 22
\BOOKMARK [2][-]{subsection.D.3}{\376\377\000C\000r\000o\000s\000s\000-\000M\000o\000d\000e\000l\000\040\000R\000e\000p\000r\000e\000s\000e\000n\000t\000a\000t\000i\000o\000n\000\040\000A\000l\000i\000g\000n\000m\000e\000n\000t}{appendix.D}% 23
\BOOKMARK [2][-]{subsection.D.4}{\376\377\000F\000r\000o\000z\000e\000n\000-\000M\000o\000d\000e\000l\000\040\000C\000o\000n\000t\000r\000o\000l\000l\000a\000b\000i\000l\000i\000t\000y}{appendix.D}% 24
\BOOKMARK [1][-]{appendix.E}{\376\377\000A\000u\000d\000i\000t\000\040\000M\000e\000t\000h\000o\000d\000o\000l\000o\000g\000y\000\040\000i\000n\000\040\000D\000e\000t\000a\000i\000l}{}% 25
\BOOKMARK [1][-]{appendix.F}{\376\377\000A\000u\000d\000i\000t\000\040\000M\000e\000t\000h\000o\000d\000o\000l\000o\000g\000y}{}% 26
\BOOKMARK [2][-]{subsection.F.1}{\376\377\000I\000d\000e\000n\000t\000i\000t\000y\000\040\000C\000o\000n\000t\000r\000o\000l}{appendix.F}% 27
\BOOKMARK [2][-]{subsection.F.2}{\376\377\000D\000i\000s\000j\000o\000i\000n\000t\000\040\000S\000p\000l\000i\000t\000s\000,\000\040\000U\000n\000i\000f\000i\000e\000d\000\040\000P\000r\000o\000m\000p\000t\000s\000,\000\040\000a\000n\000d\000\040\000H\000o\000n\000e\000s\000t\000\040\000C\000o\000u\000n\000t\000e\000r\000s}{appendix.F}% 28
\BOOKMARK [2][-]{subsection.F.3}{\376\377\000M\000a\000p\000p\000e\000r\000\040\000L\000a\000d\000d\000e\000r}{appendix.F}% 29
\BOOKMARK [2][-]{subsection.F.4}{\376\377\000O\000r\000a\000c\000l\000e\000\040\000P\000r\000o\000b\000e\000s}{appendix.F}% 30
\BOOKMARK [2][-]{subsection.F.5}{\376\377\000P\000a\000i\000r\000s\000,\000\040\000D\000a\000t\000a\000,\000\040\000a\000n\000d\000\040\000P\000r\000o\000t\000o\000c\000o\000l\000\040\000D\000i\000s\000c\000i\000p\000l\000i\000n\000e}{appendix.F}% 31
\BOOKMARK [1][-]{appendix.G}{\376\377\000R\000A\000T\000\040\000C\000o\000m\000p\000o\000n\000e\000n\000t\000\040\000A\000b\000l\000a\000t\000i\000o\000n\000s}{}% 32
\BOOKMARK [2][-]{subsection.G.1}{\376\377\000R\000A\000T\000\040\000C\000o\000m\000p\000o\000n\000e\000n\000t\000\040\000A\000b\000l\000a\000t\000i\000o\000n\000s\000\040\000S\000e\000p\000a\000r\000a\000t\000e\000\040\000F\000l\000u\000e\000n\000c\000y\000\040\000F\000r\000o\000m\000\040\000C\000a\000p\000a\000b\000i\000l\000i\000t\000y}{appendix.G}% 33
\BOOKMARK [1][-]{appendix.H}{\376\377\000C\000h\000a\000n\000n\000e\000l\000\040\000A\000s\000y\000m\000m\000e\000t\000r\000y}{}% 34
\BOOKMARK [2][-]{subsection.H.1}{\376\377\000C\000h\000a\000n\000n\000e\000l\000\040\000A\000s\000y\000m\000m\000e\000t\000r\000y}{appendix.H}% 35
\BOOKMARK [1][-]{appendix.I}{\376\377\000S\000u\000r\000v\000i\000v\000a\000b\000l\000e\000\040\000V\000a\000r\000i\000a\000n\000t\000s\000\040\000o\000f\000\040\000t\000h\000e\000\040\000I\000d\000e\000a}{}% 36
\BOOKMARK [1][-]{appendix.J}{\376\377\000H\000e\000l\000d\000-\000o\000u\000t\000\040\000R\000e\000c\000o\000n\000s\000t\000r\000u\000c\000t\000i\000o\000n\000\040\000M\000e\000a\000s\000u\000r\000e\000m\000e\000n\000t}{}% 37
\BOOKMARK [1][-]{appendix.K}{\376\377\000S\000u\000r\000v\000e\000y\000\040\000C\000o\000m\000p\000a\000r\000i\000s\000o\000n\000\040\000T\000a\000b\000l\000e}{}% 38
\BOOKMARK [1][-]{appendix.L}{\376\377\000D\000e\000p\000l\000o\000y\000m\000e\000n\000t\000\040\000R\000e\000a\000d\000i\000n\000g\000\040\000o\000f\000\040\000t\000h\000e\000\040\000W\000e\000a\000k\000-\000S\000t\000u\000d\000e\000n\000t\000\040\000R\000e\000g\000i\000m\000e}{}% 39
\BOOKMARK [1][-]{appendix.M}{\376\377\000A\000l\000i\000g\000n\000m\000e\000n\000t\000-\000C\000o\000n\000t\000r\000o\000l\000\040\000C\000o\000v\000e\000r\000a\000g\000e\000\040\000\050\000s\000u\000p\000e\000r\000s\000e\000d\000e\000d\000\051}{}% 40
\BOOKMARK [1][-]{appendix.N}{\376\377\000P\000e\000r\000-\000O\000c\000t\000a\000n\000t\000\040\000P\000r\000o\000b\000e\000\040\000W\000i\000n\000d\000o\000w\000s}{}% 41
\BOOKMARK [1][-]{appendix.O}{\376\377\000C\000a\000l\000i\000b\000r\000a\000t\000i\000o\000n\000\040\000L\000a\000d\000d\000e\000r\000,\000\040\000D\000r\000a\000w\000\040\000V\000a\000r\000i\000a\000n\000c\000e\000,\000\040\000a\000n\000d\000\040\000F\000a\000m\000i\000l\000y\000\040\000D\000e\000t\000a\000i\000l}{}% 42
\BOOKMARK [1][-]{appendix.P}{\376\377\000C\000r\000o\000s\000s\000-\000A\000r\000c\000h\000i\000t\000e\000c\000t\000u\000r\000e\000\040\000D\000e\000t\000a\000i\000l}{}% 43
